../Core/Src/main.c:125:6:mPrint	16	static
../Core/Src/main.c:221:6:SetOneMotor	24	static
../Core/Src/main.c:248:6:SetMotor4	40	static
../Core/Src/main.c:266:5:Read_Line_Error	24	static
../Core/Src/main.c:308:6:SetMotor	16	static
../Core/Src/main.c:315:6:Navigate	32	static
../Core/Src/main.c:350:5:main	8	static
../Core/Src/main.c:418:6:SystemClock_Config	72	static
../Core/Src/main.c:458:13:MX_TIM1_Init	32	static
../Core/Src/main.c:504:13:MX_TIM2_Init	48	static
../Core/Src/main.c:565:13:MX_TIM4_Init	40	static
../Core/Src/main.c:611:13:MX_USART1_UART_Init	8	static
../Core/Src/main.c:644:13:MX_GPIO_Init	40	static
../Core/Src/main.c:719:7:HCSR04_Read	24	static,ignoring_inline_asm
../Core/Src/main.c:745:6:HCSR04_Trigger	16	static,ignoring_inline_asm
../Core/Src/main.c:844:6:Error_Handler	4	static,ignoring_inline_asm
